// Jest Snapshot v1, https://goo.gl/fbAQLP

exports[`renders homepage unchanged 1`] = `
<div
  className="container"
>
  <main>
    <h1
      className="title"
    >
      Welcome to 
      <a
        href="https://nextjs.org"
      >
        Next.js!
      </a>
    </h1>
    <div
      className="grid"
    >
      <a
        className="card"
        href="https://vercel.com/import/nextjs"
      >
        <h3>
          Deploy â†’
        </h3>
        <p>
          Instantly deploy your Next.js site to a public URL with Vercel.
        </p>
      </a>
    </div>
  </main>
</div>
`;
